[2026-02-28T18:29:41.156Z] info: kubernetes.yaml was copied to the config folder
[2026-02-28T18:29:57.393Z] info: docker.yaml was copied to the config folder
[2026-02-28T18:29:57.397Z] info: services.yaml was copied to the config folder
[2026-02-28T18:29:57.397Z] info: bookmarks.yaml was copied to the config folder
[2026-02-28T18:29:57.399Z] info: proxmox.yaml was copied to the config folder
[2026-02-28T18:29:57.407Z] info: widgets.yaml was copied to the config folder
[2026-02-28T18:29:57.408Z] info: custom.css was copied to the config folder
[2026-02-28T18:29:57.408Z] info: custom.js was copied to the config folder
[2026-02-28T18:30:01.742Z] error: <httpProxy> Error calling https://api.github.com/repos/gethomepage/homepage/releases...
[2026-02-28T18:30:01.746Z] error: <httpProxy> [
  500,
  Error: connect ECONNREFUSED 20.26.156.210:443
      at <unknown> (Error: connect ECONNREFUSED 20.26.156.210:443) {
    errno: -111,
    code: 'ECONNREFUSED',
    syscall: 'connect',
    address: '20.26.156.210',
    port: 443
  }
]
