
2026-02-21T20:26:28Z ERR Command error error="command traefik error: error while building entryPoint http: building listener: error opening listener: listen tcp :8080: bind: address already in use"
2026-02-21T20:26:29Z WRN Starting with v3.6.4, Traefik now rejects some encoded characters in the request path by default. Refer to the documentation for more details: https://doc.traefik.io/traefik/migrate/v3/#encoded-characters-in-request-path
2026-02-21T20:26:29Z WRN delayBeforeCheck is now deprecated, please use propagation.delayBeforeChecks instead.
2026-02-21T20:26:29Z INF Traefik version 3.6.6 built on 2025-12-29T15:47:44Z version=3.6.6
2026-02-21T20:26:29Z INF Version check is enabled.
2026-02-21T20:26:29Z INF Traefik checks for new releases to notify you if your version is out of date.
2026-02-21T20:26:29Z INF It also collects usage data during this process.
2026-02-21T20:26:29Z INF Check the documentation to get more info: https://doc.traefik.io/traefik/contributing/data-collection/
2026-02-21T20:26:29Z INF 
Stats collection is disabled.
Help us improve Traefik by turning this feature on :)
More details on: https://doc.traefik.io/traefik/contributing/data-collection/

2026-02-21T20:26:29Z ERR Command error error="command traefik error: error while building entryPoint http: building listener: error opening listener: listen tcp :8080: bind: address already in use"
2026-02-21T20:26:30Z WRN Starting with v3.6.4, Traefik now rejects some encoded characters in the request path by default. Refer to the documentation for more details: https://doc.traefik.io/traefik/migrate/v3/#encoded-characters-in-request-path
2026-02-21T20:26:30Z WRN delayBeforeCheck is now deprecated, please use propagation.delayBeforeChecks instead.
2026-02-21T20:26:30Z INF Traefik version 3.6.6 built on 2025-12-29T15:47:44Z version=3.6.6
2026-02-21T20:26:30Z INF Version check is enabled.
2026-02-21T20:26:30Z INF Traefik checks for new releases to notify you if your version is out of date.
2026-02-21T20:26:30Z INF It also collects usage data during this process.
2026-02-21T20:26:30Z INF Check the documentation to get more info: https://doc.traefik.io/traefik/contributing/data-collection/
2026-02-21T20:26:30Z INF 
Stats collection is disabled.
Help us improve Traefik by turning this feature on :)
More details on: https://doc.traefik.io/traefik/contributing/data-collection/

2026-02-21T20:26:30Z ERR Command error error="command traefik error: error while building entryPoint http: building listener: error opening listener: listen tcp :8080: bind: address already in use"
2026-02-21T20:26:32Z WRN Starting with v3.6.4, Traefik now rejects some encoded characters in the request path by default. Refer to the documentation for more details: https://doc.traefik.io/traefik/migrate/v3/#encoded-characters-in-request-path
2026-02-21T20:26:32Z WRN delayBeforeCheck is now deprecated, please use propagation.delayBeforeChecks instead.
2026-02-21T20:26:32Z INF Traefik version 3.6.6 built on 2025-12-29T15:47:44Z version=3.6.6
2026-02-21T20:26:32Z INF Version check is enabled.
2026-02-21T20:26:32Z INF Traefik checks for new releases to notify you if your version is out of date.
2026-02-21T20:26:32Z INF It also collects usage data during this process.
2026-02-21T20:26:32Z INF Check the documentation to get more info: https://doc.traefik.io/traefik/contributing/data-collection/
2026-02-21T20:26:32Z INF 
Stats collection is disabled.
Help us improve Traefik by turning this feature on :)
More details on: https://doc.traefik.io/traefik/contributing/data-collection/

2026-02-21T20:26:32Z ERR Command error error="command traefik error: error while building entryPoint http: building listener: error opening listener: listen tcp :8080: bind: address already in use"
2026-02-21T20:26:36Z WRN Starting with v3.6.4, Traefik now rejects some encoded characters in the request path by default. Refer to the documentation for more details: https://doc.traefik.io/traefik/migrate/v3/#encoded-characters-in-request-path
2026-02-21T20:26:36Z WRN delayBeforeCheck is now deprecated, please use propagation.delayBeforeChecks instead.
2026-02-21T20:26:36Z INF Traefik version 3.6.6 built on 2025-12-29T15:47:44Z version=3.6.6
2026-02-21T20:26:36Z INF Version check is enabled.
2026-02-21T20:26:36Z INF Traefik checks for new releases to notify you if your version is out of date.
2026-02-21T20:26:36Z INF It also collects usage data during this process.
2026-02-21T20:26:36Z INF Check the documentation to get more info: https://doc.traefik.io/traefik/contributing/data-collection/
2026-02-21T20:26:36Z INF 
Stats collection is disabled.
Help us improve Traefik by turning this feature on :)
More details on: https://doc.traefik.io/traefik/contributing/data-collection/

2026-02-21T20:26:36Z ERR Command error error="command traefik error: error while building entryPoint traefik: building listener: error opening listener: listen tcp :8080: bind: address already in use"
2026-02-21T20:26:42Z WRN Starting with v3.6.4, Traefik now rejects some encoded characters in the request path by default. Refer to the documentation for more details: https://doc.traefik.io/traefik/migrate/v3/#encoded-characters-in-request-path
2026-02-21T20:26:42Z WRN delayBeforeCheck is now deprecated, please use propagation.delayBeforeChecks instead.
2026-02-21T20:26:42Z INF Traefik version 3.6.6 built on 2025-12-29T15:47:44Z version=3.6.6
2026-02-21T20:26:42Z INF Version check is enabled.
2026-02-21T20:26:42Z INF Traefik checks for new releases to notify you if your version is out of date.
2026-02-21T20:26:42Z INF It also collects usage data during this process.
2026-02-21T20:26:42Z INF Check the documentation to get more info: https://doc.traefik.io/traefik/contributing/data-collection/
2026-02-21T20:26:42Z INF 
Stats collection is disabled.
Help us improve Traefik by turning this feature on :)
More details on: https://doc.traefik.io/traefik/contributing/data-collection/

2026-02-21T20:26:42Z ERR Command error error="command traefik error: error while building entryPoint traefik: building listener: error opening listener: listen tcp :8080: bind: address already in use"
2026-02-21T20:26:56Z WRN Starting with v3.6.4, Traefik now rejects some encoded characters in the request path by default. Refer to the documentation for more details: https://doc.traefik.io/traefik/migrate/v3/#encoded-characters-in-request-path
2026-02-21T20:26:56Z WRN delayBeforeCheck is now deprecated, please use propagation.delayBeforeChecks instead.
2026-02-21T20:26:56Z INF Traefik version 3.6.6 built on 2025-12-29T15:47:44Z version=3.6.6
2026-02-21T20:26:56Z INF Version check is enabled.
2026-02-21T20:26:56Z INF Traefik checks for new releases to notify you if your version is out of date.
2026-02-21T20:26:56Z INF It also collects usage data during this process.
2026-02-21T20:26:56Z INF Check the documentation to get more info: https://doc.traefik.io/traefik/contributing/data-collection/
2026-02-21T20:26:56Z INF 
Stats collection is disabled.
Help us improve Traefik by turning this feature on :)
More details on: https://doc.traefik.io/traefik/contributing/data-collection/

2026-02-21T20:26:56Z ERR Command error error="command traefik error: error while building entryPoint traefik: building listener: error opening listener: listen tcp :8080: bind: address already in use"
2026-02-21T20:26:59Z WRN Starting with v3.6.4, Traefik now rejects some encoded characters in the request path by default. Refer to the documentation for more details: https://doc.traefik.io/traefik/migrate/v3/#encoded-characters-in-request-path
2026-02-21T20:26:59Z WRN delayBeforeCheck is now deprecated, please use propagation.delayBeforeChecks instead.
2026-02-21T20:26:59Z INF Traefik version 3.6.6 built on 2025-12-29T15:47:44Z version=3.6.6
2026-02-21T20:26:59Z INF Version check is enabled.
2026-02-21T20:26:59Z INF Traefik checks for new releases to notify you if your version is out of date.
2026-02-21T20:26:59Z INF It also collects usage data during this process.
2026-02-21T20:26:59Z INF Check the documentation to get more info: https://doc.traefik.io/traefik/contributing/data-collection/
2026-02-21T20:26:59Z INF 
Stats collection is disabled.
Help us improve Traefik by turning this feature on :)
More details on: https://doc.traefik.io/traefik/contributing/data-collection/

2026-02-21T20:26:59Z INF Starting provider aggregator *aggregator.ProviderAggregator
2026-02-21T20:26:59Z INF Starting provider *file.Provider
2026-02-21T20:26:59Z INF Starting provider *traefik.Provider
2026-02-21T20:26:59Z INF Starting provider *docker.Provider
2026-02-21T20:26:59Z INF Starting provider *acme.ChallengeTLSALPN
2026-02-21T20:26:59Z INF Starting provider *acme.Provider
2026-02-21T20:26:59Z INF Testing certificate renew... acmeCA=https://acme-staging-v02.api.letsencrypt.org/directory providerName=cloudflare.acme
2026-02-21T20:29:38Z INF I have to go...
2026-02-21T20:29:38Z INF Stopping server gracefully
2026-02-21T20:29:38Z INF Server stopped
2026-02-21T20:29:38Z INF Shutting down
2026-02-21T20:29:38Z WRN Starting with v3.6.4, Traefik now rejects some encoded characters in the request path by default. Refer to the documentation for more details: https://doc.traefik.io/traefik/migrate/v3/#encoded-characters-in-request-path
2026-02-21T20:29:38Z WRN delayBeforeCheck is now deprecated, please use propagation.delayBeforeChecks instead.
2026-02-21T20:29:38Z INF Traefik version 3.6.6 built on 2025-12-29T15:47:44Z version=3.6.6
2026-02-21T20:29:38Z INF Version check is enabled.
2026-02-21T20:29:38Z INF Traefik checks for new releases to notify you if your version is out of date.
2026-02-21T20:29:38Z INF It also collects usage data during this process.
2026-02-21T20:29:38Z INF Check the documentation to get more info: https://doc.traefik.io/traefik/contributing/data-collection/
2026-02-21T20:29:38Z INF 
Stats collection is disabled.
Help us improve Traefik by turning this feature on :)
More details on: https://doc.traefik.io/traefik/contributing/data-collection/

2026-02-21T20:29:38Z INF Starting provider aggregator *aggregator.ProviderAggregator
2026-02-21T20:29:38Z INF Starting provider *file.Provider
2026-02-21T20:29:38Z INF Starting provider *traefik.Provider
2026-02-21T20:29:38Z INF Starting provider *docker.Provider
2026-02-21T20:29:38Z INF Starting provider *acme.Provider
2026-02-21T20:29:38Z INF Testing certificate renew... acmeCA=https://acme-staging-v02.api.letsencrypt.org/directory providerName=cloudflare.acme
2026-02-21T20:29:38Z INF Starting provider *acme.ChallengeTLSALPN
2026-02-21T20:29:40Z INF Register... providerName=cloudflare.acme
2026-02-21T20:36:11Z INF I have to go...
2026-02-21T20:36:11Z INF Stopping server gracefully
2026-02-21T20:36:11Z INF Server stopped
2026-02-21T20:36:11Z INF Shutting down
2026-02-21T20:36:11Z WRN Starting with v3.6.4, Traefik now rejects some encoded characters in the request path by default. Refer to the documentation for more details: https://doc.traefik.io/traefik/migrate/v3/#encoded-characters-in-request-path
2026-02-21T20:36:11Z WRN delayBeforeCheck is now deprecated, please use propagation.delayBeforeChecks instead.
2026-02-21T20:36:11Z INF Traefik version 3.6.6 built on 2025-12-29T15:47:44Z version=3.6.6
2026-02-21T20:36:11Z INF Version check is enabled.
2026-02-21T20:36:11Z INF Traefik checks for new releases to notify you if your version is out of date.
2026-02-21T20:36:11Z INF It also collects usage data during this process.
2026-02-21T20:36:11Z INF Check the documentation to get more info: https://doc.traefik.io/traefik/contributing/data-collection/
2026-02-21T20:36:11Z INF 
Stats collection is disabled.
Help us improve Traefik by turning this feature on :)
More details on: https://doc.traefik.io/traefik/contributing/data-collection/

2026-02-21T20:36:11Z INF Starting provider aggregator *aggregator.ProviderAggregator
2026-02-21T20:36:11Z INF Starting provider *file.Provider
2026-02-21T20:36:11Z INF Starting provider *traefik.Provider
2026-02-21T20:36:11Z INF Starting provider *docker.Provider
2026-02-21T20:36:11Z INF Starting provider *acme.ChallengeTLSALPN
2026-02-21T20:36:11Z INF Starting provider *acme.Provider
2026-02-21T20:36:11Z INF Testing certificate renew... acmeCA=https://acme-staging-v02.api.letsencrypt.org/directory providerName=cloudflare.acme
2026-02-21T20:37:27Z INF I have to go...
2026-02-21T20:37:27Z INF Stopping server gracefully
2026-02-21T20:37:27Z INF Server stopped
2026-02-21T20:37:27Z INF Shutting down
time="2026-02-21T20:37:30Z" level=warning msg="Traefik can reject some encoded characters in the request path.When your backend is not fully compliant with [RFC 3986](https://datatracker.ietf.org/doc/html/rfc3986),it is recommended to set these options to `false` to avoid split-view situation.Refer to the documentation for more details: https://doc.traefik.io/traefik/v2.11/migration/v2/#encoded-characters-configuration-default-values"
time="2026-02-21T20:37:30Z" level=info msg="Traefik version 2.11.37 built on 2026-02-11T10:02:59Z"
time="2026-02-21T20:37:30Z" level=info msg="\nStats collection is disabled.\nHelp us improve Traefik by turning this feature on :)\nMore details on: https://doc.traefik.io/traefik/contributing/data-collection/\n"
time="2026-02-21T20:37:30Z" level=info msg="Starting provider aggregator *aggregator.ProviderAggregator"
time="2026-02-21T20:37:30Z" level=info msg="Starting provider *file.Provider"
time="2026-02-21T20:37:30Z" level=info msg="Starting provider *traefik.Provider"
time="2026-02-21T20:37:30Z" level=info msg="Starting provider *docker.Provider"
time="2026-02-21T20:37:30Z" level=info msg="Starting provider *acme.ChallengeTLSALPN"
time="2026-02-21T20:37:30Z" level=info msg="Starting provider *acme.Provider"
time="2026-02-21T20:37:30Z" level=info msg="Testing certificate renew..." providerName=cloudflare.acme ACME CA="https://acme-staging-v02.api.letsencrypt.org/directory"
time="2026-02-21T20:45:07Z" level=info msg="I have to go..."
time="2026-02-21T20:45:07Z" level=info msg="Stopping server gracefully"
time="2026-02-21T20:45:07Z" level=error msg="accept tcp [::]:8080: use of closed network connection" entryPointName=traefik
time="2026-02-21T20:45:07Z" level=error msg="Error while starting server: accept tcp [::]:8080: use of closed network connection" entryPointName=traefik
time="2026-02-21T20:45:07Z" level=error msg="accept tcp [::]:80: use of closed network connection" entryPointName=http
time="2026-02-21T20:45:07Z" level=error msg="Error while starting server: accept tcp [::]:80: use of closed network connection" entryPointName=http
time="2026-02-21T20:45:07Z" level=error msg="accept tcp [::]:443: use of closed network connection" entryPointName=https
time="2026-02-21T20:45:07Z" level=error msg="Error while starting server: accept tcp [::]:443: use of closed network connection" entryPointName=https
time="2026-02-21T20:45:07Z" level=info msg="Server stopped"
time="2026-02-21T20:45:07Z" level=info msg="Shutting down"
time="2026-02-21T20:45:08Z" level=warning msg="Traefik can reject some encoded characters in the request path.When your backend is not fully compliant with [RFC 3986](https://datatracker.ietf.org/doc/html/rfc3986),it is recommended to set these options to `false` to avoid split-view situation.Refer to the documentation for more details: https://doc.traefik.io/traefik/v2.11/migration/v2/#encoded-characters-configuration-default-values"
time="2026-02-21T20:45:08Z" level=info msg="Traefik version 2.11.37 built on 2026-02-11T10:02:59Z"
time="2026-02-21T20:45:08Z" level=info msg="\nStats collection is disabled.\nHelp us improve Traefik by turning this feature on :)\nMore details on: https://doc.traefik.io/traefik/contributing/data-collection/\n"
time="2026-02-21T20:45:08Z" level=info msg="Starting provider aggregator *aggregator.ProviderAggregator"
time="2026-02-21T20:45:08Z" level=info msg="Starting provider *file.Provider"
time="2026-02-21T20:45:08Z" level=info msg="Starting provider *traefik.Provider"
time="2026-02-21T20:45:08Z" level=info msg="Starting provider *docker.Provider"
time="2026-02-21T20:45:08Z" level=info msg="Starting provider *acme.ChallengeTLSALPN"
time="2026-02-21T20:45:08Z" level=info msg="Starting provider *acme.Provider"
time="2026-02-21T20:45:08Z" level=info msg="Testing certificate renew..." providerName=cloudflare.acme ACME CA="https://acme-staging-v02.api.letsencrypt.org/directory"
time="2026-02-21T20:46:42Z" level=info msg="I have to go..."
time="2026-02-21T20:46:42Z" level=info msg="Stopping server gracefully"
time="2026-02-21T20:46:42Z" level=error msg="accept tcp [::]:8080: use of closed network connection" entryPointName=traefik
time="2026-02-21T20:46:42Z" level=error msg="accept tcp [::]:80: use of closed network connection" entryPointName=http
time="2026-02-21T20:46:42Z" level=error msg="Error while starting server: accept tcp [::]:80: use of closed network connection" entryPointName=http
time="2026-02-21T20:46:42Z" level=error msg="Error while starting server: accept tcp [::]:8080: use of closed network connection" entryPointName=traefik
time="2026-02-21T20:46:42Z" level=error msg="accept tcp [::]:443: use of closed network connection" entryPointName=https
time="2026-02-21T20:46:42Z" level=error msg="close tcp [::]:443: use of closed network connection" entryPointName=https
time="2026-02-21T20:46:42Z" level=info msg="Server stopped"
time="2026-02-21T20:46:42Z" level=info msg="Shutting down"
2026-02-21T20:46:43Z WRN Starting with v3.6.4, Traefik now rejects some encoded characters in the request path by default. Refer to the documentation for more details: https://doc.traefik.io/traefik/migrate/v3/#encoded-characters-in-request-path
2026-02-21T20:46:43Z WRN delayBeforeCheck is now deprecated, please use propagation.delayBeforeChecks instead.
2026-02-21T20:46:43Z INF Traefik version 3.6.6 built on 2025-12-29T15:47:44Z version=3.6.6
2026-02-21T20:46:43Z INF Version check is enabled.
2026-02-21T20:46:43Z INF Traefik checks for new releases to notify you if your version is out of date.
2026-02-21T20:46:43Z INF It also collects usage data during this process.
2026-02-21T20:46:43Z INF Check the documentation to get more info: https://doc.traefik.io/traefik/contributing/data-collection/
2026-02-21T20:46:43Z INF 
Stats collection is disabled.
Help us improve Traefik by turning this feature on :)
More details on: https://doc.traefik.io/traefik/contributing/data-collection/

2026-02-21T20:46:43Z INF Starting provider aggregator *aggregator.ProviderAggregator
2026-02-21T20:46:43Z INF Starting provider *file.Provider
2026-02-21T20:46:43Z INF Starting provider *traefik.Provider
2026-02-21T20:46:43Z INF Starting provider *docker.Provider
2026-02-21T20:46:43Z INF Starting provider *acme.ChallengeTLSALPN
2026-02-21T20:46:43Z INF Starting provider *acme.Provider
2026-02-21T20:46:43Z INF Testing certificate renew... acmeCA=https://acme-v02.api.letsencrypt.org/directory providerName=cloudflare.acme
2026-02-21T20:46:48Z INF Register... providerName=cloudflare.acme
2026-02-21T20:46:48Z ERR Unable to obtain ACME certificate for domains error="cannot get ACME client acme: error: 400 :: POST :: https://acme-v02.api.letsencrypt.org/acme/new-acct :: urn:ietf:params:acme:error:invalidContact :: Error validating contact(s) :: unable to parse email address" ACME CA=https://acme-v02.api.letsencrypt.org/directory acmeCA=https://acme-v02.api.letsencrypt.org/directory domains=["idp.labops.uk","*.idp.labops.uk"] providerName=cloudflare.acme routerName=traefik-secure@docker rule=Host(`traefik.idp.labops.uk`)
2026-02-21T20:47:36Z INF I have to go...
2026-02-21T20:47:36Z INF Stopping server gracefully
2026-02-21T20:47:36Z INF Shutting down
2026-02-21T20:47:36Z INF Server stopped
2026-02-21T20:47:37Z WRN Starting with v3.6.4, Traefik now rejects some encoded characters in the request path by default. Refer to the documentation for more details: https://doc.traefik.io/traefik/migrate/v3/#encoded-characters-in-request-path
2026-02-21T20:47:37Z WRN delayBeforeCheck is now deprecated, please use propagation.delayBeforeChecks instead.
2026-02-21T20:47:37Z INF Traefik version 3.6.6 built on 2025-12-29T15:47:44Z version=3.6.6
2026-02-21T20:47:37Z INF Version check is enabled.
2026-02-21T20:47:37Z INF Traefik checks for new releases to notify you if your version is out of date.
2026-02-21T20:47:37Z INF It also collects usage data during this process.
2026-02-21T20:47:37Z INF Check the documentation to get more info: https://doc.traefik.io/traefik/contributing/data-collection/
2026-02-21T20:47:37Z INF 
Stats collection is disabled.
Help us improve Traefik by turning this feature on :)
More details on: https://doc.traefik.io/traefik/contributing/data-collection/

2026-02-21T20:47:37Z INF Starting provider aggregator *aggregator.ProviderAggregator
2026-02-21T20:47:37Z INF Starting provider *file.Provider
2026-02-21T20:47:37Z INF Starting provider *traefik.Provider
2026-02-21T20:47:37Z INF Starting provider *acme.Provider
2026-02-21T20:47:37Z INF Testing certificate renew... acmeCA=https://acme-v02.api.letsencrypt.org/directory providerName=cloudflare.acme
2026-02-21T20:47:37Z INF Starting provider *acme.ChallengeTLSALPN
2026-02-21T20:47:37Z INF Starting provider *docker.Provider
2026-02-21T20:47:40Z INF Register... providerName=cloudflare.acme
2026-02-21T20:47:40Z ERR Unable to obtain ACME certificate for domains error="cannot get ACME client acme: error: 400 :: POST :: https://acme-v02.api.letsencrypt.org/acme/new-acct :: urn:ietf:params:acme:error:invalidContact :: Error validating contact(s) :: unable to parse email address" ACME CA=https://acme-v02.api.letsencrypt.org/directory acmeCA=https://acme-v02.api.letsencrypt.org/directory domains=["idp.labops.uk","*.idp.labops.uk"] providerName=cloudflare.acme routerName=traefik-secure@docker rule=Host(`traefik.idp.labops.uk`)
2026-02-21T20:48:14Z INF I have to go...
2026-02-21T20:48:14Z INF Stopping server gracefully
2026-02-21T20:48:14Z INF Server stopped
2026-02-21T20:48:14Z INF Shutting down
2026-02-21T20:48:14Z WRN Starting with v3.6.4, Traefik now rejects some encoded characters in the request path by default. Refer to the documentation for more details: https://doc.traefik.io/traefik/migrate/v3/#encoded-characters-in-request-path
2026-02-21T20:48:14Z WRN delayBeforeCheck is now deprecated, please use propagation.delayBeforeChecks instead.
2026-02-21T20:48:14Z INF Traefik version 3.6.6 built on 2025-12-29T15:47:44Z version=3.6.6
2026-02-21T20:48:14Z INF Version check is enabled.
2026-02-21T20:48:14Z INF Traefik checks for new releases to notify you if your version is out of date.
2026-02-21T20:48:14Z INF It also collects usage data during this process.
2026-02-21T20:48:14Z INF Check the documentation to get more info: https://doc.traefik.io/traefik/contributing/data-collection/
2026-02-21T20:48:14Z INF 
Stats collection is disabled.
Help us improve Traefik by turning this feature on :)
More details on: https://doc.traefik.io/traefik/contributing/data-collection/

2026-02-21T20:48:14Z INF Starting provider aggregator *aggregator.ProviderAggregator
2026-02-21T20:48:14Z INF Starting provider *file.Provider
2026-02-21T20:48:14Z INF Starting provider *traefik.Provider
2026-02-21T20:48:14Z INF Starting provider *docker.Provider
2026-02-21T20:48:14Z INF Starting provider *acme.ChallengeTLSALPN
2026-02-21T20:48:14Z INF Starting provider *acme.Provider
2026-02-21T20:48:14Z INF Testing certificate renew... acmeCA=https://acme-v02.api.letsencrypt.org/directory providerName=cloudflare.acme
2026-02-21T20:48:16Z INF Register... providerName=cloudflare.acme
2026-02-21T20:58:14Z WRN A new release of Traefik has been found: 3.6.8. Please consider updating.
2026-02-21T21:06:36Z INF I have to go...
2026-02-21T21:06:36Z INF Stopping server gracefully
2026-02-21T21:06:36Z INF Server stopped
2026-02-21T21:06:36Z INF Shutting down
2026-02-21T21:06:37Z WRN Starting with v3.6.4, Traefik now rejects some encoded characters in the request path by default. Refer to the documentation for more details: https://doc.traefik.io/traefik/migrate/v3/#encoded-characters-in-request-path
2026-02-21T21:06:37Z WRN delayBeforeCheck is now deprecated, please use propagation.delayBeforeChecks instead.
2026-02-21T21:06:37Z INF Traefik version 3.6.6 built on 2025-12-29T15:47:44Z version=3.6.6
2026-02-21T21:06:37Z INF Version check is enabled.
2026-02-21T21:06:37Z INF Traefik checks for new releases to notify you if your version is out of date.
2026-02-21T21:06:37Z INF It also collects usage data during this process.
2026-02-21T21:06:37Z INF Check the documentation to get more info: https://doc.traefik.io/traefik/contributing/data-collection/
2026-02-21T21:06:37Z INF 
Stats collection is disabled.
Help us improve Traefik by turning this feature on :)
More details on: https://doc.traefik.io/traefik/contributing/data-collection/

2026-02-21T21:06:37Z INF Starting provider aggregator *aggregator.ProviderAggregator
2026-02-21T21:06:37Z INF Starting provider *file.Provider
2026-02-21T21:06:37Z INF Starting provider *traefik.Provider
2026-02-21T21:06:37Z INF Starting provider *docker.Provider
2026-02-21T21:06:37Z INF Starting provider *acme.ChallengeTLSALPN
2026-02-21T21:06:37Z INF Starting provider *acme.Provider
2026-02-21T21:06:37Z INF Testing certificate renew... acmeCA=https://acme-v02.api.letsencrypt.org/directory providerName=cloudflare.acme
2026-02-21T21:08:41Z INF I have to go...
2026-02-21T21:08:41Z INF Stopping server gracefully
2026-02-21T21:08:42Z INF Server stopped
2026-02-21T21:08:42Z INF Shutting down
2026-02-21T21:10:27Z WRN Starting with v3.6.4, Traefik now rejects some encoded characters in the request path by default. Refer to the documentation for more details: https://doc.traefik.io/traefik/migrate/v3/#encoded-characters-in-request-path
2026-02-21T21:10:27Z WRN delayBeforeCheck is now deprecated, please use propagation.delayBeforeChecks instead.
2026-02-21T21:10:27Z INF Traefik version 3.6.6 built on 2025-12-29T15:47:44Z version=3.6.6
2026-02-21T21:10:27Z INF Version check is enabled.
2026-02-21T21:10:27Z INF Traefik checks for new releases to notify you if your version is out of date.
2026-02-21T21:10:27Z INF It also collects usage data during this process.
2026-02-21T21:10:27Z INF Check the documentation to get more info: https://doc.traefik.io/traefik/contributing/data-collection/
2026-02-21T21:10:27Z INF 
Stats collection is disabled.
Help us improve Traefik by turning this feature on :)
More details on: https://doc.traefik.io/traefik/contributing/data-collection/

2026-02-21T21:10:27Z INF Starting provider aggregator *aggregator.ProviderAggregator
2026-02-21T21:10:27Z INF Starting provider *file.Provider
2026-02-21T21:10:27Z INF Starting provider *traefik.Provider
2026-02-21T21:10:27Z INF Starting provider *acme.ChallengeTLSALPN
2026-02-21T21:10:27Z INF Starting provider *docker.Provider
2026-02-21T21:10:27Z INF Starting provider *acme.Provider
2026-02-21T21:10:27Z INF Testing certificate renew... acmeCA=https://acme-v02.api.letsencrypt.org/directory providerName=cloudflare.acme
2026-02-21T21:14:28Z ERR error="service \"hello-hello-world\" error: port is missing" container=hello-hello-world-a215f3919b40ede3264003bd235c882c50b3b993988bd9ba239223dfbe6387d0 providerName=docker
2026-02-21T21:18:19Z WRN Failed to inspect container a215f3919b40ede3264003bd235c882c50b3b993988bd9ba239223dfbe6387d0 error="Error response from daemon: No such container: a215f3919b40ede3264003bd235c882c50b3b993988bd9ba239223dfbe6387d0" providerName=docker
2026-02-21T21:18:22Z ERR Unable to obtain ACME certificate for domains error="unable to generate a certificate for the domains [hello-hello-world]: acme: error: 400 :: POST :: https://acme-v02.api.letsencrypt.org/acme/new-order :: urn:ietf:params:acme:error:rejectedIdentifier :: Invalid identifiers requested :: Cannot issue for \"hello-hello-world\": Domain name needs at least one dot" ACME CA=https://acme-v02.api.letsencrypt.org/directory acmeCA=https://acme-v02.api.letsencrypt.org/directory domains=["hello-hello-world"] providerName=cloudflare.acme routerName=hello-secure@docker rule=Host(`hello-hello-world`)
2026-02-21T21:19:04Z WRN Failed to inspect container 8ec32cceb19df01b337463a9478ab1007525e9551625c5e063472de869d95aa6 error="Error response from daemon: No such container: 8ec32cceb19df01b337463a9478ab1007525e9551625c5e063472de869d95aa6" providerName=docker
2026-02-21T21:19:06Z ERR Unable to obtain ACME certificate for domains error="unable to generate a certificate for the domains [hello-hello-world]: acme: error: 400 :: POST :: https://acme-v02.api.letsencrypt.org/acme/new-order :: urn:ietf:params:acme:error:rejectedIdentifier :: Invalid identifiers requested :: Cannot issue for \"hello-hello-world\": Domain name needs at least one dot" ACME CA=https://acme-v02.api.letsencrypt.org/directory acmeCA=https://acme-v02.api.letsencrypt.org/directory domains=["hello-hello-world"] providerName=cloudflare.acme routerName=hello-secure@docker rule=Host(`hello-hello-world`)
2026-02-21T21:19:24Z WRN Failed to inspect container 60375f23ab36a56e5b37eab1d3cb2f94b32ebb294ced99037fd9d9abeb06066e error="Error response from daemon: No such container: 60375f23ab36a56e5b37eab1d3cb2f94b32ebb294ced99037fd9d9abeb06066e" providerName=docker
2026-02-21T21:19:26Z ERR Unable to obtain ACME certificate for domains error="unable to generate a certificate for the domains [hello-hello-world]: acme: error: 400 :: POST :: https://acme-v02.api.letsencrypt.org/acme/new-order :: urn:ietf:params:acme:error:rejectedIdentifier :: Invalid identifiers requested :: Cannot issue for \"hello-hello-world\": Domain name needs at least one dot" ACME CA=https://acme-v02.api.letsencrypt.org/directory acmeCA=https://acme-v02.api.letsencrypt.org/directory domains=["hello-hello-world"] providerName=cloudflare.acme routerName=hello-secure@docker rule=Host(`hello-hello-world`)
2026-02-21T21:19:35Z WRN Failed to inspect container 1bf507c3517e7ddbd13bdc003ada20de022eab9ee0a160aeeae5ef2818c8ed92 error="Error response from daemon: No such container: 1bf507c3517e7ddbd13bdc003ada20de022eab9ee0a160aeeae5ef2818c8ed92" providerName=docker
2026-02-21T21:19:37Z ERR Unable to obtain ACME certificate for domains error="unable to generate a certificate for the domains [hello-hello-world]: acme: error: 400 :: POST :: https://acme-v02.api.letsencrypt.org/acme/new-order :: urn:ietf:params:acme:error:rejectedIdentifier :: Invalid identifiers requested :: Cannot issue for \"hello-hello-world\": Domain name needs at least one dot" ACME CA=https://acme-v02.api.letsencrypt.org/directory acmeCA=https://acme-v02.api.letsencrypt.org/directory domains=["hello-hello-world"] providerName=cloudflare.acme routerName=hello-secure@docker rule=Host(`hello-hello-world`)
2026-02-21T21:20:28Z WRN A new release of Traefik has been found: 3.6.8. Please consider updating.
2026-02-21T21:24:30Z WRN Failed to inspect container 12130bda0fa2cabd2ff63797b4a96a43a1c35c74c99eee9b2090d6dc1ae5dcf2 error="Error response from daemon: No such container: 12130bda0fa2cabd2ff63797b4a96a43a1c35c74c99eee9b2090d6dc1ae5dcf2" providerName=docker
2026-02-21T21:24:33Z ERR Unable to obtain ACME certificate for domains error="unable to generate a certificate for the domains [hello-hello-world]: acme: error: 400 :: POST :: https://acme-v02.api.letsencrypt.org/acme/new-order :: urn:ietf:params:acme:error:rejectedIdentifier :: Invalid identifiers requested :: Cannot issue for \"hello-hello-world\": Domain name needs at least one dot" ACME CA=https://acme-v02.api.letsencrypt.org/directory acmeCA=https://acme-v02.api.letsencrypt.org/directory domains=["hello-hello-world"] providerName=cloudflare.acme routerName=hello-secure@docker rule=Host(`hello-hello-world`)
2026-02-21T21:28:44Z WRN Failed to inspect container 1895802951d27cea77b0140c323e0023a786cb9c0e2d6a857a19390f0ab1e94a error="Error response from daemon: No such container: 1895802951d27cea77b0140c323e0023a786cb9c0e2d6a857a19390f0ab1e94a" providerName=docker
2026-02-21T21:54:57Z WRN Failed to inspect container e257a71617ad9b2048188a91b42889209a1d2696822160fb60ad4affbc2e0b63 error="Error response from daemon: No such container: e257a71617ad9b2048188a91b42889209a1d2696822160fb60ad4affbc2e0b63" providerName=docker
2026-02-21T21:55:57Z WRN Failed to inspect container d8a8b7b2971abc7a3d99b1f2a92ce56743607ffce809043cbb31b5732ddec09d error="Error response from daemon: No such container: d8a8b7b2971abc7a3d99b1f2a92ce56743607ffce809043cbb31b5732ddec09d" providerName=docker
2026-02-21T21:56:49Z WRN Failed to inspect container 9b7ac44aaea021962c01556a30c00c2f739d589bf2ae9fd5b2e8b0161c37eb8f error="Error response from daemon: No such container: 9b7ac44aaea021962c01556a30c00c2f739d589bf2ae9fd5b2e8b0161c37eb8f" providerName=docker
2026-02-21T21:56:51Z ERR EntryPoint doesn't exist entryPointName=websecure routerName=hello@docker
2026-02-21T21:56:51Z ERR No valid entryPoint for this router routerName=hello@docker
2026-02-21T21:56:51Z ERR EntryPoint doesn't exist entryPointName=websecure routerName=hello@docker
2026-02-21T21:56:51Z ERR No valid entryPoint for this router routerName=hello@docker
2026-02-21T21:57:53Z WRN Failed to inspect container a1f12a66b3dfbd33ad0dfa816b2753f0b392fc94497c2130d15d1087c7d447b5 error="Error response from daemon: No such container: a1f12a66b3dfbd33ad0dfa816b2753f0b392fc94497c2130d15d1087c7d447b5" providerName=docker
2026-02-21T21:57:55Z ERR EntryPoint doesn't exist entryPointName=websecure routerName=hello@docker
2026-02-21T21:57:55Z ERR No valid entryPoint for this router routerName=hello@docker
2026-02-21T21:57:55Z ERR EntryPoint doesn't exist entryPointName=websecure routerName=hello@docker
2026-02-21T21:57:55Z ERR No valid entryPoint for this router routerName=hello@docker
2026-02-21T22:00:11Z WRN Failed to inspect container 257cada6ab2b57c95ac125e93a4d84610f1844a5ff9a29c99743283b6dbe0b68 error="Error response from daemon: No such container: 257cada6ab2b57c95ac125e93a4d84610f1844a5ff9a29c99743283b6dbe0b68" providerName=docker
2026-02-21T22:01:31Z WRN Failed to inspect container e9e334681ad6bd81524e96ffb0390c900c69a86c75cb34afcfb8b408a185125f error="Error response from daemon: No such container: e9e334681ad6bd81524e96ffb0390c900c69a86c75cb34afcfb8b408a185125f" providerName=docker
2026-02-22T09:41:55Z ERR Error occurred during watcher callback error="yaml: line 9: did not find expected '-' indicator" providerName=file
2026-02-22T09:41:58Z ERR Error occurred during watcher callback error="yaml: unmarshal errors:\n  line 12: mapping key \"traefik-dashboard\" already defined at line 3" providerName=file
2026-02-22T09:42:24Z ERR error="the service \"hello@file\" does not exist" entryPointName=https routerName=hello@file
2026-02-22T09:42:30Z ERR error="the service \"hello-idp-test@file\" does not exist" entryPointName=https routerName=hello@file
2026-02-22T09:42:42Z ERR error="the service \"hello-idp-test@file\" does not exist" entryPointName=https routerName=hello@file
2026-02-22T09:42:45Z ERR Error occurred during watcher callback error="yaml: line 58: could not find expected ':'" providerName=file
2026-02-22T09:42:54Z ERR error="the service \"hello-idp-test@file\" does not exist" entryPointName=https routerName=hello@file
2026-02-22T09:42:57Z ERR error="the service \"hello-idp-test@file\" does not exist" entryPointName=https routerName=hello@file
2026-02-22T09:43:04Z ERR error="the service \"hello-idp-test@file\" does not exist" entryPointName=https routerName=hello@file
2026-02-22T09:43:04Z ERR Error occurred during watcher callback error="yaml: line 62: found unexpected end of stream" providerName=file
2026-02-22T09:43:07Z ERR Error occurred during watcher callback error="yaml: line 62: found unexpected end of stream" providerName=file
2026-02-22T09:43:09Z ERR Error occurred during watcher callback error="yaml: line 62: found unexpected end of stream" providerName=file
2026-02-22T09:43:10Z ERR Error occurred during watcher callback error="yaml: line 62: found unexpected end of stream" providerName=file
2026-02-22T09:43:14Z ERR Error occurred during watcher callback error="yaml: line 62: found unexpected end of stream" providerName=file
2026-02-22T09:43:16Z ERR Error occurred during watcher callback error="field not found, node: hello-idp-test" providerName=file
2026-02-22T09:43:25Z ERR Error occurred during watcher callback error="field not found, node: hello-idp-test" providerName=file
2026-02-22T09:43:36Z ERR Error occurred during watcher callback error="field not found, node: hello-idp-test" providerName=file
2026-02-22T09:44:31Z INF I have to go...
2026-02-22T09:44:31Z INF Stopping server gracefully
2026-02-22T09:44:31Z INF Server stopped
2026-02-22T09:44:31Z INF Shutting down
2026-02-22T09:44:32Z WRN Starting with v3.6.4, Traefik now rejects some encoded characters in the request path by default. Refer to the documentation for more details: https://doc.traefik.io/traefik/migrate/v3/#encoded-characters-in-request-path
2026-02-22T09:44:32Z WRN delayBeforeCheck is now deprecated, please use propagation.delayBeforeChecks instead.
2026-02-22T09:44:32Z INF Traefik version 3.6.6 built on 2025-12-29T15:47:44Z version=3.6.6
2026-02-22T09:44:32Z INF Version check is enabled.
2026-02-22T09:44:32Z INF Traefik checks for new releases to notify you if your version is out of date.
2026-02-22T09:44:32Z INF It also collects usage data during this process.
2026-02-22T09:44:32Z INF Check the documentation to get more info: https://doc.traefik.io/traefik/contributing/data-collection/
2026-02-22T09:44:32Z INF 
Stats collection is disabled.
Help us improve Traefik by turning this feature on :)
More details on: https://doc.traefik.io/traefik/contributing/data-collection/

2026-02-22T09:44:32Z INF Starting provider aggregator *aggregator.ProviderAggregator
2026-02-22T09:44:32Z INF Starting provider *file.Provider
2026-02-22T09:44:32Z ERR Error while building configuration (for the first time) error="field not found, node: hello-idp-test" providerName=file
2026-02-22T09:44:32Z INF Starting provider *traefik.Provider
2026-02-22T09:44:32Z INF Starting provider *docker.Provider
2026-02-22T09:44:32Z INF Starting provider *acme.ChallengeTLSALPN
2026-02-22T09:44:32Z INF Starting provider *acme.Provider
2026-02-22T09:44:32Z INF Testing certificate renew... acmeCA=https://acme-v02.api.letsencrypt.org/directory providerName=cloudflare.acme
2026-02-22T09:45:46Z ERR Error occurred during watcher callback error="field not found, node: hello-idp-test" providerName=file
2026-02-22T09:45:57Z ERR Error occurred during watcher callback error="field not found, node: hello-idp-test" providerName=file
2026-02-22T09:46:02Z ERR Error occurred during watcher callback error="field not found, node: hello" providerName=file
2026-02-22T09:46:17Z ERR Error occurred during watcher callback error="field not found, node: hello-world" providerName=file
2026-02-22T09:46:37Z ERR error="the service \"hello@file\" does not exist" entryPointName=https routerName=hello@file
2026-02-22T09:46:42Z ERR Error occurred during watcher callback error="field not found, node: servers" providerName=file
2026-02-22T09:46:44Z ERR Error occurred during watcher callback error="field not found, node: servers" providerName=file
2026-02-22T09:46:59Z ERR Error occurred during watcher callback error="field not found, node: servers" providerName=file
2026-02-22T09:47:00Z ERR Error occurred during watcher callback error="field not found, node: servers" providerName=file
2026-02-22T09:47:15Z ERR error="the service \"hello@file\" does not exist" entryPointName=https routerName=hello@file
2026-02-22T09:48:34Z ERR error="the service \"hello@file\" does not exist" entryPointName=https routerName=hello-world@file
2026-02-22T09:48:52Z ERR error="the service \"hello@file\" does not exist" entryPointName=https routerName=hello-world@file
2026-02-22T09:49:30Z ERR error="the service \"hello@file\" does not exist" entryPointName=https routerName=hello-world@file
2026-02-22T09:49:56Z ERR error="the service \"hello@file\" does not exist" entryPointName=https routerName=hello@file
2026-02-22T09:51:56Z WRN Failed to inspect container 7912a600c9a0b96e4e5f428c798dc5b0c801f0eb480022f2de129fa6cc523229 error="Error response from daemon: No such container: 7912a600c9a0b96e4e5f428c798dc5b0c801f0eb480022f2de129fa6cc523229" providerName=docker
2026-02-22T09:52:47Z WRN Failed to inspect container 19fe61371367488b3eb5d822eb64edb0e1d0765d999454a58b136f9fdb2c207a error="Error response from daemon: No such container: 19fe61371367488b3eb5d822eb64edb0e1d0765d999454a58b136f9fdb2c207a" providerName=docker
2026-02-22T09:54:12Z INF I have to go...
2026-02-22T09:54:12Z INF Stopping server gracefully
2026-02-22T09:54:12Z INF Server stopped
2026-02-22T09:54:12Z INF Shutting down
2026-02-22T09:54:12Z WRN Starting with v3.6.4, Traefik now rejects some encoded characters in the request path by default. Refer to the documentation for more details: https://doc.traefik.io/traefik/migrate/v3/#encoded-characters-in-request-path
2026-02-22T09:54:12Z WRN delayBeforeCheck is now deprecated, please use propagation.delayBeforeChecks instead.
2026-02-22T09:54:12Z INF Traefik version 3.6.6 built on 2025-12-29T15:47:44Z version=3.6.6
2026-02-22T09:54:12Z INF Version check is enabled.
2026-02-22T09:54:12Z INF Traefik checks for new releases to notify you if your version is out of date.
2026-02-22T09:54:12Z INF It also collects usage data during this process.
2026-02-22T09:54:12Z INF Check the documentation to get more info: https://doc.traefik.io/traefik/contributing/data-collection/
2026-02-22T09:54:12Z INF 
Stats collection is disabled.
Help us improve Traefik by turning this feature on :)
More details on: https://doc.traefik.io/traefik/contributing/data-collection/

2026-02-22T09:54:12Z INF Starting provider aggregator *aggregator.ProviderAggregator
2026-02-22T09:54:12Z INF Starting provider *file.Provider
2026-02-22T09:54:12Z INF Starting provider *traefik.Provider
2026-02-22T09:54:12Z INF Starting provider *docker.Provider
2026-02-22T09:54:12Z INF Starting provider *acme.ChallengeTLSALPN
2026-02-22T09:54:12Z INF Starting provider *acme.Provider
2026-02-22T09:54:12Z INF Testing certificate renew... acmeCA=https://acme-v02.api.letsencrypt.org/directory providerName=cloudflare.acme
2026-02-22T09:58:33Z WRN Failed to inspect container 4b91b853d14c8c09554c3a7f0b4b3ceb1f5b216e497fea55f021baaa110b00bb error="Error response from daemon: No such container: 4b91b853d14c8c09554c3a7f0b4b3ceb1f5b216e497fea55f021baaa110b00bb" providerName=docker
2026-02-22T10:04:13Z WRN A new release of Traefik has been found: 3.6.8. Please consider updating.
2026-02-22T10:04:54Z WRN Failed to inspect container 32b5f4d88bff894175d6692e41542572886c22b83ab4aa9bb1813a228d958a77 error="Error response from daemon: No such container: 32b5f4d88bff894175d6692e41542572886c22b83ab4aa9bb1813a228d958a77" providerName=docker
2026-02-23T09:54:13Z INF Testing certificate renew... acmeCA=https://acme-v02.api.letsencrypt.org/directory providerName=cloudflare.acme
2026-02-23T09:54:13Z WRN A new release of Traefik has been found: 3.6.8. Please consider updating.
2026-02-23T20:44:36Z ERR Error occurred during watcher callback error="template: /etc/traefik/dynamic.yml:4: missing value for command" providerName=file
2026-02-23T20:44:46Z ERR Error occurred during watcher callback error="template: /etc/traefik/dynamic.yml:4:21: executing \"/etc/traefik/dynamic.yml\" at <env>: wrong number of args for env: want 1 got 0" providerName=file
2026-02-23T20:44:56Z ERR error="error while parsing rule Host(``): adding rule Host(``): error while checking rule Host: empty args for matcher Host, []" entryPointName=https routerName=traefik-dashboard@file
2026-02-23T20:44:56Z ERR Error while adding route for host error="error while adding rule HostSNI(``): empty args for matcher HostSNI, []"
2026-02-23T20:44:59Z ERR Error occurred during watcher callback error="template: /etc/traefik/dynamic.yml:4: unexpected \"\\\"}}`)\\\"\" in operand" providerName=file
2026-02-23T20:45:05Z ERR error="error while parsing rule Host(``): adding rule Host(``): error while checking rule Host: empty args for matcher Host, []" entryPointName=https routerName=traefik-dashboard@file
2026-02-23T20:45:05Z ERR Error while adding route for host error="error while adding rule HostSNI(``): empty args for matcher HostSNI, []"
2026-02-23T20:46:37Z ERR Error occurred during watcher callback error="template: /etc/traefik/dynamic.yml:4: missing value for command" providerName=file
2026-02-23T20:46:39Z ERR Error occurred during watcher callback error="template: /etc/traefik/dynamic.yml:4:28: executing \"/etc/traefik/dynamic.yml\" at <.Env>: can't evaluate field Env in type bool" providerName=file
2026-02-23T20:48:33Z ERR Error occurred during watcher callback error="template: /etc/traefik/dynamic.yml:5: function \"entryPoints\" not defined" providerName=file
2026-02-23T20:48:37Z ERR Error occurred during watcher callback error="template: /etc/traefik/dynamic.yml:4: function \"TRAEFIK_DASHBOARD_HOST\" not defined" providerName=file
2026-02-23T20:48:52Z ERR Error while adding route for host error="error while adding rule HostSNI(`${traefik_dashboard_host}}`): invalid value for HostSNI matcher, \"${traefik_dashboard_host}}\" is not a valid hostname"
2026-02-23T20:48:54Z ERR Error while adding route for host error="error while adding rule HostSNI(`${traefik_dashboard_host}`): invalid value for HostSNI matcher, \"${traefik_dashboard_host}\" is not a valid hostname"
2026-02-23T20:49:10Z ERR Error occurred during watcher callback error="yaml: line 3: did not find expected key" providerName=file
2026-02-23T20:49:13Z ERR Error occurred during watcher callback error="yaml: line 3: did not find expected key" providerName=file
2026-02-23T20:49:26Z ERR Error occurred during watcher callback error="yaml: line 3: did not find expected key" providerName=file
2026-02-23T20:49:30Z ERR Error occurred during watcher callback error="template: /etc/traefik/dynamic.yml:4: function \"TRAEFIK_DASHBOARD_HOST\" not defined" providerName=file
2026-02-23T20:49:30Z ERR Error occurred during watcher callback error="template: /etc/traefik/dynamic.yml:4: function \"TRAEFIK_DASHBOARD_HOST\" not defined" providerName=file
2026-02-23T20:49:42Z ERR Error occurred during watcher callback error="yaml: line 3: did not find expected key" providerName=file
2026-02-23T20:49:45Z ERR Error occurred during watcher callback error="yaml: line 3: did not find expected key" providerName=file
2026-02-24T09:54:13Z INF Testing certificate renew... acmeCA=https://acme-v02.api.letsencrypt.org/directory providerName=cloudflare.acme
2026-02-24T09:54:13Z WRN A new release of Traefik has been found: 3.6.9. Please consider updating.
2026-02-25T09:54:13Z INF Testing certificate renew... acmeCA=https://acme-v02.api.letsencrypt.org/directory providerName=cloudflare.acme
2026-02-25T09:54:13Z WRN A new release of Traefik has been found: 3.6.9. Please consider updating.
2026-02-26T09:54:13Z INF Testing certificate renew... acmeCA=https://acme-v02.api.letsencrypt.org/directory providerName=cloudflare.acme
2026-02-26T09:54:14Z WRN A new release of Traefik has been found: 3.6.9. Please consider updating.
2026-02-27T09:54:13Z INF Testing certificate renew... acmeCA=https://acme-v02.api.letsencrypt.org/directory providerName=cloudflare.acme
2026-02-27T09:54:13Z WRN A new release of Traefik has been found: 3.6.9. Please consider updating.
2026-02-28T09:54:13Z INF Testing certificate renew... acmeCA=https://acme-v02.api.letsencrypt.org/directory providerName=cloudflare.acme
2026-02-28T09:54:13Z WRN A new release of Traefik has been found: 3.6.9. Please consider updating.
2026-03-01T09:54:13Z INF Testing certificate renew... acmeCA=https://acme-v02.api.letsencrypt.org/directory providerName=cloudflare.acme
2026-03-01T09:54:13Z WRN A new release of Traefik has been found: 3.6.9. Please consider updating.
2026-03-02T09:54:13Z INF Testing certificate renew... acmeCA=https://acme-v02.api.letsencrypt.org/directory providerName=cloudflare.acme
2026-03-02T09:54:13Z WRN A new release of Traefik has been found: 3.6.9. Please consider updating.
2026-03-03T09:54:13Z INF Testing certificate renew... acmeCA=https://acme-v02.api.letsencrypt.org/directory providerName=cloudflare.acme
2026-03-03T09:54:13Z WRN A new release of Traefik has been found: 3.6.9. Please consider updating.
2026-03-04T09:54:13Z INF Testing certificate renew... acmeCA=https://acme-v02.api.letsencrypt.org/directory providerName=cloudflare.acme
2026-03-04T09:54:13Z WRN A new release of Traefik has been found: 3.6.9. Please consider updating.
2026-03-05T09:54:13Z INF Testing certificate renew... acmeCA=https://acme-v02.api.letsencrypt.org/directory providerName=cloudflare.acme
2026-03-05T09:54:13Z WRN A new release of Traefik has been found: 3.6.9. Please consider updating.
2026-03-06T09:54:13Z INF Testing certificate renew... acmeCA=https://acme-v02.api.letsencrypt.org/directory providerName=cloudflare.acme
2026-03-06T09:54:13Z WRN A new release of Traefik has been found: 3.6.9. Please consider updating.
2026-03-06T17:18:34Z WRN Failed to inspect container daac34c172257efce6b4f9786db292cba19578fb16f726ce141af5ae9d7456fa error="Error response from daemon: No such container: daac34c172257efce6b4f9786db292cba19578fb16f726ce141af5ae9d7456fa" providerName=docker
2026-03-06T20:04:41Z WRN Failed to inspect container a9c1c0657601884ef8e61183c8970a43df1310851162a73d8bed875620542908 error="Error response from daemon: No such container: a9c1c0657601884ef8e61183c8970a43df1310851162a73d8bed875620542908" providerName=docker
2026-03-06T20:08:21Z WRN Failed to inspect container a83c124218dda7e4d8650cf6b9a57a378791a2b8e684bcc9020751e685f5b81b error="Error response from daemon: No such container: a83c124218dda7e4d8650cf6b9a57a378791a2b8e684bcc9020751e685f5b81b" providerName=docker
2026-03-06T20:11:56Z WRN Failed to inspect container e07d4a12984965ba222cfa63325562e219ce28f93ba671788a538ea5474a0593 error="Error response from daemon: No such container: e07d4a12984965ba222cfa63325562e219ce28f93ba671788a538ea5474a0593" providerName=docker
2026-03-06T20:31:07Z WRN Failed to inspect container 73873a3b7a32d6ad5d024bc0a4f818da82ad62d39ea7e8444e2d0c245b0985b5 error="Error response from daemon: No such container: 73873a3b7a32d6ad5d024bc0a4f818da82ad62d39ea7e8444e2d0c245b0985b5" providerName=docker
2026-03-06T20:35:29Z WRN Failed to inspect container c2a00827443d9a2dc74b6912cf9b6a513d9d65a1ceaef3864258893547eac4d4 error="Error response from daemon: No such container: c2a00827443d9a2dc74b6912cf9b6a513d9d65a1ceaef3864258893547eac4d4" providerName=docker
